[{"stream_name":"stderr","time":6.160317499,"data":"0.00s - Debugger warning: It seems that frozen modules are being used, which may\n"}
,{"stream_name":"stderr","time":6.160376046,"data":"0.00s - make the debugger miss breakpoints. Please pass -Xfrozen_modules=off\n"}
,{"stream_name":"stderr","time":6.160382312,"data":"0.00s - to python to disable frozen modules.\n"}
,{"stream_name":"stderr","time":6.160385945,"data":"0.00s - Note: Debugging will proceed. Set PYDEVD_DISABLE_FILE_VALIDATION=1 to disable this validation.\n"}
,{"stream_name":"stderr","time":6.718252972,"data":"0.00s - Debugger warning: It seems that frozen modules are being used, which may\n"}
,{"stream_name":"stderr","time":6.718283607,"data":"0.00s - make the debugger miss breakpoints. Please pass -Xfrozen_modules=off\n"}
,{"stream_name":"stderr","time":6.718289429,"data":"0.00s - to python to disable frozen modules.\n"}
,{"stream_name":"stderr","time":6.718295811,"data":"0.00s - Note: Debugging will proceed. Set PYDEVD_DISABLE_FILE_VALIDATION=1 to disable this validation.\n"}
,{"stream_name":"stdout","time":28.151097233,"data":"Executing command: python -u scripts/train_frcnn_aitod.py --metric igwd --placement la_loss --box-loss igwd --batch-size 2 --seed 42 --epochs 12\n"}
,{"stream_name":"stderr","time":43.032398941,"data":"Traceback (most recent call last):\n"}
,{"stream_name":"stderr","time":43.032472647,"data":"  File \"/kaggle/working/aitod_igwd_s42/scripts/train_frcnn_aitod.py\", line 28, in \u003cmodule\u003e\n"}
,{"stream_name":"stderr","time":43.032479956,"data":"    from paper_a.datasets.aitodv2_adapter import AITODv2Dataset, AITODV2_CATEGORIES\n"}
,{"stream_name":"stderr","time":43.032484955,"data":"ModuleNotFoundError: No module named 'paper_a.datasets.aitodv2_adapter'\n"}
,{"stream_name":"stdout","time":44.692359804,"data":"Execution finished with exit code: 1\n"}
,{"stream_name":"stderr","time":47.47355663,"data":"/usr/local/lib/python3.12/dist-packages/mistune.py:435: SyntaxWarning: invalid escape sequence '\\|'\n"}
,{"stream_name":"stderr","time":47.473585768,"data":"  cells[i][c] = re.sub('\\\\\\\\\\|', '|', cell)\n"}
,{"stream_name":"stderr","time":47.612714151,"data":"/usr/local/lib/python3.12/dist-packages/nbconvert/filters/filter_links.py:36: SyntaxWarning: invalid escape sequence '\\_'\n"}
,{"stream_name":"stderr","time":47.612740069,"data":"  text = re.sub(r'_', '\\_', text) # Escape underscores in display text\n"}
,{"stream_name":"stderr","time":48.198446742,"data":"[NbConvertApp] Converting notebook __notebook__.ipynb to notebook\n"}
,{"stream_name":"stderr","time":48.494889606,"data":"[NbConvertApp] Writing 480424 bytes to __notebook__.ipynb\n"}
,{"stream_name":"stderr","time":50.808970364,"data":"[NbConvertApp] Converting notebook __notebook__.ipynb to html\n"}
,{"stream_name":"stderr","time":51.776191886,"data":"[NbConvertApp] Writing 1282961 bytes to __results__.html\n"}
]