[{"stream_name":"stderr","time":8.000156221,"data":"0.00s - Debugger warning: It seems that frozen modules are being used, which may\n"}
,{"stream_name":"stderr","time":8.000218751,"data":"0.00s - make the debugger miss breakpoints. Please pass -Xfrozen_modules=off\n"}
,{"stream_name":"stderr","time":8.000230287,"data":"0.00s - to python to disable frozen modules.\n"}
,{"stream_name":"stderr","time":8.000233417,"data":"0.00s - Note: Debugging will proceed. Set PYDEVD_DISABLE_FILE_VALIDATION=1 to disable this validation.\n"}
,{"stream_name":"stderr","time":8.640442486,"data":"0.00s - Debugger warning: It seems that frozen modules are being used, which may\n"}
,{"stream_name":"stderr","time":8.640475185,"data":"0.00s - make the debugger miss breakpoints. Please pass -Xfrozen_modules=off\n"}
,{"stream_name":"stderr","time":8.640481347,"data":"0.00s - to python to disable frozen modules.\n"}
,{"stream_name":"stderr","time":8.640485729,"data":"0.00s - Note: Debugging will proceed. Set PYDEVD_DISABLE_FILE_VALIDATION=1 to disable this validation.\n"}
,{"stream_name":"stdout","time":22.217509502,"data":"Executing command: python scripts/train_frcnn_metric.py --metric h_wiou --placement h_wiou --box-loss h_wiou --h-wiou-form static --h-wiou-static-gamma 0.5 --seed 42 --tag ablation_static_half\n"}
,{"stream_name":"stdout","time":48.863950269,"data":"[Config] Using local data root: /kaggle/input/datasets/kurt54/sod-tinypeopleinsea\n"}
,{"stream_name":"stdout","time":48.863992331,"data":"\n"}
,{"stream_name":"stdout","time":48.863999444,"data":"======================================================================\n"}
,{"stream_name":"stdout","time":48.864004897,"data":"METRIC ABLATION — h_wiou @ h_wiou\n"}
,{"stream_name":"stdout","time":48.864011117,"data":"  Seed: 42\n"}
,{"stream_name":"stdout","time":48.864016046,"data":"  Box loss: h_wiou\n"}
,{"stream_name":"stdout","time":48.86402137,"data":"  Checkpoint selector: map50\n"}
,{"stream_name":"stdout","time":48.864026931,"data":"  Quality score: False (weight=0.5)\n"}
,{"stream_name":"stdout","time":48.864032585,"data":"  Quality focal: False (beta=2)\n"}
,{"stream_name":"stdout","time":48.864037661,"data":"  Rank \u0026 Sort: False (delta=0.5)\n"}
,{"stream_name":"stdout","time":48.864043051,"data":"  Double-Head: False (scale=1.3, bottlenecks=4)\n"}
,{"stream_name":"stdout","time":48.864048077,"data":"  CBL iterative train: weight=0; inference steps=0, blend=1, last step blend=None, last center blend=None, last size blend=None, score threshold=0, extra min size ratio=0\n"}
,{"stream_name":"stdout","time":48.864054938,"data":"  CBL cross-scale distillation: teacher=None; weight=0.25, temperature=2, margin=0.02, teacher transform=960/1200, tiny reference/cap=16/2, head only=False, coordinate reliable=False, consensus filter=False, distance=kl, cross head=False, PCGrad=False, stage=first\n"}
,{"stream_name":"stdout","time":48.864062053,"data":"  PC-MR-RPN: teacher=None; weight=0.005, teacher transform=960/1200, top_n=300, micro_cutoff=8px, teacher_iou_floor=0.5, margin=0.02\n"}
,{"stream_name":"stdout","time":48.864067768,"data":"  FPN micro feature distillation: teacher=None; target=cosine, weight=0.15, teacher transform=960/1200, top_n=300, micro_cutoff=8px, teacher_iou_floor=0.5, margin=0.02\n"}
,{"stream_name":"stdout","time":48.864073323,"data":"  RPN inference refinement steps: 0; min size ratio=0\n"}
,{"stream_name":"stdout","time":48.864078456,"data":"  RPN quality objectness: False; beta=2; preserve below size ratio=0\n"}
,{"stream_name":"stdout","time":48.864083641,"data":"  RPN cascade: False; stage-1 weight=1\n"}
,{"stream_name":"stdout","time":48.864088718,"data":"  RPN IoU prediction: False; loss weight=0.5; fusion weight=1; detached tower=False\n"}
,{"stream_name":"stderr","time":48.863944286,"data":"Traceback (most recent call last):\n"}
,{"stream_name":"stderr","time":48.864125707,"data":"  File \"/kaggle/working/tp_ablation_static_half_s42/scripts/train_frcnn_metric.py\", line 1834, in \u003cmodule\u003e\n"}
,{"stream_name":"stdout","time":48.864105221,"data":"  Transform: train min=(640,), train max=800; eval=640/800\n"}
,{"stream_name":"stdout","time":48.864141266,"data":"  Output: /kaggle/working/tp_ablation_static_half_s42/runs/h_wiou__h_wiou__static__h_wiou__seed42__ablation_static_half\n"}
,{"stream_name":"stdout","time":48.864145928,"data":"  Resume: False\n"}
,{"stream_name":"stdout","time":48.864149879,"data":"======================================================================\n"}
,{"stream_name":"stdout","time":48.8641539,"data":"\n"}
,{"stream_name":"stderr","time":48.864682458,"data":"    main()\n"}
,{"stream_name":"stderr","time":48.864701879,"data":"  File \"/kaggle/working/tp_ablation_static_half_s42/scripts/train_frcnn_metric.py\", line 1688, in main\n"}
,{"stream_name":"stderr","time":48.865427498,"data":"    train_metric(args.metric, args.placement, args.seed, args.resume,\n"}
,{"stream_name":"stderr","time":48.865445812,"data":"  File \"/kaggle/working/tp_ablation_static_half_s42/scripts/train_frcnn_metric.py\", line 705, in train_metric\n"}
,{"stream_name":"stderr","time":48.865960183,"data":"    train_ds = build_training_datasets(use_patches=False, is_train=True)\n"}
,{"stream_name":"stderr","time":48.865975205,"data":"               ^^^^^^^^^^^^^^^^^^^^^^^^^^^^^^^^^^^^^^^^^^^^^^^^^^^^^^^^^\n"}
,{"stream_name":"stderr","time":48.865981054,"data":"  File \"/kaggle/working/tp_ablation_static_half_s42/common/dataset.py\", line 296, in build_training_datasets\n"}
,{"stream_name":"stderr","time":48.866285567,"data":"    return YOLOTinyDataset(\n"}
,{"stream_name":"stderr","time":48.866293049,"data":"           ^^^^^^^^^^^^^^^^\n"}
,{"stream_name":"stderr","time":48.866297075,"data":"  File \"/kaggle/working/tp_ablation_static_half_s42/common/dataset.py\", line 46, in __init__\n"}
,{"stream_name":"stderr","time":48.866394503,"data":"    self.img_files = sorted(\n"}
,{"stream_name":"stderr","time":48.866402347,"data":"                     ^^^^^^^\n"}
,{"stream_name":"stderr","time":48.866406664,"data":"  File \"/kaggle/working/tp_ablation_static_half_s42/common/dataset.py\", line 47, in \u003cgenexpr\u003e\n"}
,{"stream_name":"stderr","time":48.866507671,"data":"    f for f in img_dir.iterdir()\n"}
,{"stream_name":"stderr","time":48.866514051,"data":"               ^^^^^^^^^^^^^^^^^\n"}
,{"stream_name":"stderr","time":48.866517922,"data":"  File \"/usr/lib/python3.12/pathlib.py\", line 1056, in iterdir\n"}
,{"stream_name":"stderr","time":48.868488165,"data":"    for name in os.listdir(self):\n"}
,{"stream_name":"stderr","time":48.868503857,"data":"                ^^^^^^^^^^^^^^^^\n"}
,{"stream_name":"stderr","time":48.868509473,"data":"FileNotFoundError: [Errno 2] No such file or directory: '/kaggle/input/datasets/kurt54/sod-tinypeopleinsea/train/images'\n"}
,{"stream_name":"stdout","time":51.835426214,"data":"Execution finished with exit code: 1\n"}
,{"stream_name":"stderr","time":54.786487247,"data":"/usr/local/lib/python3.12/dist-packages/mistune.py:435: SyntaxWarning: invalid escape sequence '\\|'\n"}
,{"stream_name":"stderr","time":54.786517136,"data":"  cells[i][c] = re.sub('\\\\\\\\\\|', '|', cell)\n"}
,{"stream_name":"stderr","time":54.956975005,"data":"/usr/local/lib/python3.12/dist-packages/nbconvert/filters/filter_links.py:36: SyntaxWarning: invalid escape sequence '\\_'\n"}
,{"stream_name":"stderr","time":54.9570002,"data":"  text = re.sub(r'_', '\\_', text) # Escape underscores in display text\n"}
,{"stream_name":"stderr","time":55.627578583,"data":"[NbConvertApp] Converting notebook __notebook__.ipynb to notebook\n"}
,{"stream_name":"stderr","time":55.94595997,"data":"[NbConvertApp] Writing 4131 bytes to __notebook__.ipynb\n"}
,{"stream_name":"stderr","time":58.596644237,"data":"[NbConvertApp] Converting notebook __notebook__.ipynb to html\n"}
,{"stream_name":"stderr","time":59.443255548,"data":"[NbConvertApp] Writing 281599 bytes to __results__.html\n"}
]