[{"stream_name":"stderr","time":8.148794406,"data":"0.00s - Debugger warning: It seems that frozen modules are being used, which may\n"}
,{"stream_name":"stderr","time":8.148859392,"data":"0.00s - make the debugger miss breakpoints. Please pass -Xfrozen_modules=off\n"}
,{"stream_name":"stderr","time":8.148864241,"data":"0.00s - to python to disable frozen modules.\n"}
,{"stream_name":"stderr","time":8.148867102,"data":"0.00s - Note: Debugging will proceed. Set PYDEVD_DISABLE_FILE_VALIDATION=1 to disable this validation.\n"}
,{"stream_name":"stderr","time":8.815778782,"data":"0.00s - Debugger warning: It seems that frozen modules are being used, which may\n"}
,{"stream_name":"stderr","time":8.81581184,"data":"0.00s - make the debugger miss breakpoints. Please pass -Xfrozen_modules=off\n"}
,{"stream_name":"stderr","time":8.815818167,"data":"0.00s - to python to disable frozen modules.\n"}
,{"stream_name":"stderr","time":8.815822984,"data":"0.00s - Note: Debugging will proceed. Set PYDEVD_DISABLE_FILE_VALIDATION=1 to disable this validation.\n"}
,{"stream_name":"stdout","time":22.415082139,"data":"Executing command: python scripts/train_frcnn_metric.py --metric h_wiou --placement h_wiou --box-loss h_wiou --h-wiou-form static --h-wiou-static-gamma 0.5 --seed 42 --tag ablation_static_half\n"}
,{"stream_name":"stderr","time":49.027874366,"data":"Traceback (most recent call last):\n"}
,{"stream_name":"stderr","time":49.027910111,"data":"  File \"/kaggle/working/tp_ablation_static_half_s42/scripts/train_frcnn_metric.py\", line 1834, in \u003cmodule\u003e\n"}
,{"stream_name":"stdout","time":49.027914363,"data":"[Config] Using local data root: /kaggle/input/datasets/kurt54/sod-tinypeopleinsea\n"}
,{"stream_name":"stdout","time":49.027927686,"data":"\n"}
,{"stream_name":"stdout","time":49.027933334,"data":"======================================================================\n"}
,{"stream_name":"stdout","time":49.027959256,"data":"METRIC ABLATION — h_wiou @ h_wiou\n"}
,{"stream_name":"stdout","time":49.027968004,"data":"  Seed: 42\n"}
,{"stream_name":"stdout","time":49.027973255,"data":"  Box loss: h_wiou\n"}
,{"stream_name":"stdout","time":49.027978791,"data":"  Checkpoint selector: map50\n"}
,{"stream_name":"stdout","time":49.027983725,"data":"  Quality score: False (weight=0.5)\n"}
,{"stream_name":"stdout","time":49.027989171,"data":"  Quality focal: False (beta=2)\n"}
,{"stream_name":"stdout","time":49.028012038,"data":"  Rank \u0026 Sort: False (delta=0.5)\n"}
,{"stream_name":"stdout","time":49.028017758,"data":"  Double-Head: False (scale=1.3, bottlenecks=4)\n"}
,{"stream_name":"stdout","time":49.028023705,"data":"  CBL iterative train: weight=0; inference steps=0, blend=1, last step blend=None, last center blend=None, last size blend=None, score threshold=0, extra min size ratio=0\n"}
,{"stream_name":"stdout","time":49.028031236,"data":"  CBL cross-scale distillation: teacher=None; weight=0.25, temperature=2, margin=0.02, teacher transform=960/1200, tiny reference/cap=16/2, head only=False, coordinate reliable=False, consensus filter=False, distance=kl, cross head=False, PCGrad=False, stage=first\n"}
,{"stream_name":"stdout","time":49.028039215,"data":"  PC-MR-RPN: teacher=None; weight=0.005, teacher transform=960/1200, top_n=300, micro_cutoff=8px, teacher_iou_floor=0.5, margin=0.02\n"}
,{"stream_name":"stdout","time":49.028044708,"data":"  FPN micro feature distillation: teacher=None; target=cosine, weight=0.15, teacher transform=960/1200, top_n=300, micro_cutoff=8px, teacher_iou_floor=0.5, margin=0.02\n"}
,{"stream_name":"stdout","time":49.028050556,"data":"  RPN inference refinement steps: 0; min size ratio=0\n"}
,{"stream_name":"stdout","time":49.028057513,"data":"  RPN quality objectness: False; beta=2; preserve below size ratio=0\n"}
,{"stream_name":"stdout","time":49.028097292,"data":"  RPN cascade: False; stage-1 weight=1\n"}
,{"stream_name":"stdout","time":49.028100785,"data":"  RPN IoU prediction: False; loss weight=0.5; fusion weight=1; detached tower=False\n"}
,{"stream_name":"stdout","time":49.02812204,"data":"  Transform: train min=(640,), train max=800; eval=640/800\n"}
,{"stream_name":"stdout","time":49.02814941,"data":"  Output: /kaggle/working/tp_ablation_static_half_s42/runs/h_wiou__h_wiou__static__h_wiou__seed42__ablation_static_half\n"}
,{"stream_name":"stdout","time":49.028154073,"data":"  Resume: False\n"}
,{"stream_name":"stdout","time":49.02815814,"data":"======================================================================\n"}
,{"stream_name":"stdout","time":49.028162688,"data":"\n"}
,{"stream_name":"stderr","time":49.028570554,"data":"    main()\n"}
,{"stream_name":"stderr","time":49.029057254,"data":"  File \"/kaggle/working/tp_ablation_static_half_s42/scripts/train_frcnn_metric.py\", line 1688, in main\n"}
,{"stream_name":"stderr","time":49.029414323,"data":"    train_metric(args.metric, args.placement, args.seed, args.resume,\n"}
,{"stream_name":"stderr","time":49.029423133,"data":"  File \"/kaggle/working/tp_ablation_static_half_s42/scripts/train_frcnn_metric.py\", line 705, in train_metric\n"}
,{"stream_name":"stderr","time":49.029758092,"data":"    train_ds = build_training_datasets(use_patches=False, is_train=True)\n"}
,{"stream_name":"stderr","time":49.029849477,"data":"               ^^^^^^^^^^^^^^^^^^^^^^^^^^^^^^^^^^^^^^^^^^^^^^^^^^^^^^^^^\n"}
,{"stream_name":"stderr","time":49.029857917,"data":"  File \"/kaggle/working/tp_ablation_static_half_s42/common/dataset.py\", line 296, in build_training_datasets\n"}
,{"stream_name":"stderr","time":49.030082308,"data":"    return YOLOTinyDataset(\n"}
,{"stream_name":"stderr","time":49.030094565,"data":"           ^^^^^^^^^^^^^^^^\n"}
,{"stream_name":"stderr","time":49.030098793,"data":"  File \"/kaggle/working/tp_ablation_static_half_s42/common/dataset.py\", line 46, in __init__\n"}
,{"stream_name":"stderr","time":49.030217961,"data":"    self.img_files = sorted(\n"}
,{"stream_name":"stderr","time":49.030225507,"data":"                     ^^^^^^^\n"}
,{"stream_name":"stderr","time":49.030229938,"data":"  File \"/kaggle/working/tp_ablation_static_half_s42/common/dataset.py\", line 47, in \u003cgenexpr\u003e\n"}
,{"stream_name":"stderr","time":49.030307804,"data":"    f for f in img_dir.iterdir()\n"}
,{"stream_name":"stderr","time":49.030350479,"data":"               ^^^^^^^^^^^^^^^^^\n"}
,{"stream_name":"stderr","time":49.030423227,"data":"  File \"/usr/lib/python3.12/pathlib.py\", line 1056, in iterdir\n"}
,{"stream_name":"stderr","time":49.032205333,"data":"    for name in os.listdir(self):\n"}
,{"stream_name":"stderr","time":49.032221158,"data":"                ^^^^^^^^^^^^^^^^\n"}
,{"stream_name":"stderr","time":49.032225493,"data":"FileNotFoundError: [Errno 2] No such file or directory: '/kaggle/input/datasets/kurt54/sod-tinypeopleinsea/train/images'\n"}
,{"stream_name":"stdout","time":51.812794136,"data":"Execution finished with exit code: 1\n"}
,{"stream_name":"stderr","time":54.909225678,"data":"/usr/local/lib/python3.12/dist-packages/mistune.py:435: SyntaxWarning: invalid escape sequence '\\|'\n"}
,{"stream_name":"stderr","time":54.909260419,"data":"  cells[i][c] = re.sub('\\\\\\\\\\|', '|', cell)\n"}
,{"stream_name":"stderr","time":55.080630961,"data":"/usr/local/lib/python3.12/dist-packages/nbconvert/filters/filter_links.py:36: SyntaxWarning: invalid escape sequence '\\_'\n"}
,{"stream_name":"stderr","time":55.080657037,"data":"  text = re.sub(r'_', '\\_', text) # Escape underscores in display text\n"}
,{"stream_name":"stderr","time":55.719769573,"data":"[NbConvertApp] Converting notebook __notebook__.ipynb to notebook\n"}
,{"stream_name":"stderr","time":56.057563379,"data":"[NbConvertApp] Writing 4467 bytes to __notebook__.ipynb\n"}
,{"stream_name":"stderr","time":58.677880062,"data":"[NbConvertApp] Converting notebook __notebook__.ipynb to html\n"}
,{"stream_name":"stderr","time":59.554708021,"data":"[NbConvertApp] Writing 282914 bytes to __results__.html\n"}
]
