[{"stream_name":"stderr","time":7.027984548,"data":"0.00s - Debugger warning: It seems that frozen modules are being used, which may\n"}
,{"stream_name":"stderr","time":7.02805961,"data":"0.00s - make the debugger miss breakpoints. Please pass -Xfrozen_modules=off\n"}
,{"stream_name":"stderr","time":7.028066576,"data":"0.00s - to python to disable frozen modules.\n"}
,{"stream_name":"stderr","time":7.028070839,"data":"0.00s - Note: Debugging will proceed. Set PYDEVD_DISABLE_FILE_VALIDATION=1 to disable this validation.\n"}
,{"stream_name":"stderr","time":7.645655679,"data":"0.00s - Debugger warning: It seems that frozen modules are being used, which may\n"}
,{"stream_name":"stderr","time":7.645689563,"data":"0.00s - make the debugger miss breakpoints. Please pass -Xfrozen_modules=off\n"}
,{"stream_name":"stderr","time":7.645694782,"data":"0.00s - to python to disable frozen modules.\n"}
,{"stream_name":"stderr","time":7.645700323,"data":"0.00s - Note: Debugging will proceed. Set PYDEVD_DISABLE_FILE_VALIDATION=1 to disable this validation.\n"}
,{"stream_name":"stdout","time":20.835834989,"data":"Executing command: python scripts/train_frcnn_metric.py --metric h_wiou --placement h_wiou --box-loss h_wiou --h-wiou-form static --h-wiou-static-gamma 0.5 --seed 42 --tag ablation_static_half\n"}
,{"stream_name":"stdout","time":45.461058538,"data":"[Config] Using local data root: /kaggle/input/datasets/kurt54/sod-tinypeopleinsea\n"}
,{"stream_name":"stdout","time":45.46109553,"data":"\n"}
,{"stream_name":"stdout","time":45.461101443,"data":"======================================================================\n"}
,{"stream_name":"stdout","time":45.461106112,"data":"METRIC ABLATION — h_wiou @ h_wiou\n"}
,{"stream_name":"stdout","time":45.461111282,"data":"  Seed: 42\n"}
,{"stream_name":"stdout","time":45.461115672,"data":"  Box loss: h_wiou\n"}
,{"stream_name":"stderr","time":45.46106351,"data":"Traceback (most recent call last):\n"}
,{"stream_name":"stderr","time":45.461146229,"data":"  File \"/kaggle/working/tp_ablation_static_half_s42/scripts/train_frcnn_metric.py\", line 1834, in \u003cmodule\u003e\n"}
,{"stream_name":"stdout","time":45.461120113,"data":"  Checkpoint selector: map50\n"}
,{"stream_name":"stdout","time":45.461165899,"data":"  Quality score: False (weight=0.5)\n"}
,{"stream_name":"stdout","time":45.461169881000004,"data":"  Quality focal: False (beta=2)\n"}
,{"stream_name":"stdout","time":45.461173026,"data":"  Rank \u0026 Sort: False (delta=0.5)\n"}
,{"stream_name":"stdout","time":45.461176189,"data":"  Double-Head: False (scale=1.3, bottlenecks=4)\n"}
,{"stream_name":"stdout","time":45.461179654,"data":"  CBL iterative train: weight=0; inference steps=0, blend=1, last step blend=None, last center blend=None, last size blend=None, score threshold=0, extra min size ratio=0\n"}
,{"stream_name":"stdout","time":45.461183705,"data":"  CBL cross-scale distillation: teacher=None; weight=0.25, temperature=2, margin=0.02, teacher transform=960/1200, tiny reference/cap=16/2, head only=False, coordinate reliable=False, consensus filter=False, distance=kl, cross head=False, PCGrad=False, stage=first\n"}
,{"stream_name":"stdout","time":45.461187099,"data":"  PC-MR-RPN: teacher=None; weight=0.005, teacher transform=960/1200, top_n=300, micro_cutoff=8px, teacher_iou_floor=0.5, margin=0.02\n"}
,{"stream_name":"stdout","time":45.461190211,"data":"  FPN micro feature distillation: teacher=None; target=cosine, weight=0.15, teacher transform=960/1200, top_n=300, micro_cutoff=8px, teacher_iou_floor=0.5, margin=0.02\n"}
,{"stream_name":"stdout","time":45.461193410999996,"data":"  RPN inference refinement steps: 0; min size ratio=0\n"}
,{"stream_name":"stdout","time":45.461196419,"data":"  RPN quality objectness: False; beta=2; preserve below size ratio=0\n"}
,{"stream_name":"stdout","time":45.461217506,"data":"  RPN cascade: False; stage-1 weight=1\n"}
,{"stream_name":"stdout","time":45.461220302,"data":"  RPN IoU prediction: False; loss weight=0.5; fusion weight=1; detached tower=False\n"}
,{"stream_name":"stdout","time":45.461222707,"data":"  Transform: train min=(640,), train max=800; eval=640/800\n"}
,{"stream_name":"stdout","time":45.461225,"data":"  Output: /kaggle/working/tp_ablation_static_half_s42/runs/h_wiou__h_wiou__static__h_wiou__seed42__ablation_static_half\n"}
,{"stream_name":"stdout","time":45.461252904,"data":"  Resume: False\n"}
,{"stream_name":"stdout","time":45.461260302,"data":"======================================================================\n"}
,{"stream_name":"stdout","time":45.461264839,"data":"\n"}
,{"stream_name":"stderr","time":45.461660858,"data":"    main()\n"}
,{"stream_name":"stderr","time":45.461682185,"data":"  File \"/kaggle/working/tp_ablation_static_half_s42/scripts/train_frcnn_metric.py\", line 1688, in main\n"}
,{"stream_name":"stderr","time":45.462293239,"data":"    train_metric(args.metric, args.placement, args.seed, args.resume,\n"}
,{"stream_name":"stderr","time":45.462983267,"data":"  File \"/kaggle/working/tp_ablation_static_half_s42/scripts/train_frcnn_metric.py\", line 705, in train_metric\n"}
,{"stream_name":"stderr","time":45.462992131,"data":"    train_ds = build_training_datasets(use_patches=False, is_train=True)\n"}
,{"stream_name":"stderr","time":45.462996203,"data":"               ^^^^^^^^^^^^^^^^^^^^^^^^^^^^^^^^^^^^^^^^^^^^^^^^^^^^^^^^^\n"}
,{"stream_name":"stderr","time":45.463000134,"data":"  File \"/kaggle/working/tp_ablation_static_half_s42/common/dataset.py\", line 296, in build_training_datasets\n"}
,{"stream_name":"stderr","time":45.463004711,"data":"    return YOLOTinyDataset(\n"}
,{"stream_name":"stderr","time":45.463008481,"data":"           ^^^^^^^^^^^^^^^^\n"}
,{"stream_name":"stderr","time":45.463012189,"data":"  File \"/kaggle/working/tp_ablation_static_half_s42/common/dataset.py\", line 46, in __init__\n"}
,{"stream_name":"stderr","time":45.463016309,"data":"    self.img_files = sorted(\n"}
,{"stream_name":"stderr","time":45.463019624,"data":"                     ^^^^^^^\n"}
,{"stream_name":"stderr","time":45.463022878,"data":"  File \"/kaggle/working/tp_ablation_static_half_s42/common/dataset.py\", line 47, in \u003cgenexpr\u003e\n"}
,{"stream_name":"stderr","time":45.463026977,"data":"    f for f in img_dir.iterdir()\n"}
,{"stream_name":"stderr","time":45.463032199,"data":"               ^^^^^^^^^^^^^^^^^\n"}
,{"stream_name":"stderr","time":45.463039985,"data":"  File \"/usr/lib/python3.12/pathlib.py\", line 1056, in iterdir\n"}
,{"stream_name":"stderr","time":45.464533146,"data":"    for name in os.listdir(self):\n"}
,{"stream_name":"stderr","time":45.464552573,"data":"                ^^^^^^^^^^^^^^^^\n"}
,{"stream_name":"stderr","time":45.464558603,"data":"FileNotFoundError: [Errno 2] No such file or directory: '/kaggle/input/datasets/kurt54/sod-tinypeopleinsea/train/images'\n"}
,{"stream_name":"stdout","time":48.272141762,"data":"Execution finished with exit code: 1\n"}
,{"stream_name":"stderr","time":51.199719828,"data":"/usr/local/lib/python3.12/dist-packages/mistune.py:435: SyntaxWarning: invalid escape sequence '\\|'\n"}
,{"stream_name":"stderr","time":51.199755703,"data":"  cells[i][c] = re.sub('\\\\\\\\\\|', '|', cell)\n"}
,{"stream_name":"stderr","time":51.364514647,"data":"/usr/local/lib/python3.12/dist-packages/nbconvert/filters/filter_links.py:36: SyntaxWarning: invalid escape sequence '\\_'\n"}
,{"stream_name":"stderr","time":51.364545857,"data":"  text = re.sub(r'_', '\\_', text) # Escape underscores in display text\n"}
,{"stream_name":"stderr","time":52.313326683,"data":"[NbConvertApp] Converting notebook __notebook__.ipynb to notebook\n"}
,{"stream_name":"stderr","time":52.628116226,"data":"[NbConvertApp] Writing 4131 bytes to __notebook__.ipynb\n"}
,{"stream_name":"stderr","time":55.073151686,"data":"[NbConvertApp] Converting notebook __notebook__.ipynb to html\n"}
,{"stream_name":"stderr","time":55.904873008,"data":"[NbConvertApp] Writing 281599 bytes to __results__.html\n"}
]