[{"stream_name":"stderr","time":6.8063600950000005,"data":"0.00s - Debugger warning: It seems that frozen modules are being used, which may\n"}
,{"stream_name":"stderr","time":6.806428486,"data":"0.00s - make the debugger miss breakpoints. Please pass -Xfrozen_modules=off\n"}
,{"stream_name":"stderr","time":6.806436687,"data":"0.00s - to python to disable frozen modules.\n"}
,{"stream_name":"stderr","time":6.806441536,"data":"0.00s - Note: Debugging will proceed. Set PYDEVD_DISABLE_FILE_VALIDATION=1 to disable this validation.\n"}
,{"stream_name":"stderr","time":7.460591799,"data":"0.00s - Debugger warning: It seems that frozen modules are being used, which may\n"}
,{"stream_name":"stderr","time":7.460632156,"data":"0.00s - make the debugger miss breakpoints. Please pass -Xfrozen_modules=off\n"}
,{"stream_name":"stderr","time":7.460639892,"data":"0.00s - to python to disable frozen modules.\n"}
,{"stream_name":"stderr","time":7.460645507,"data":"0.00s - Note: Debugging will proceed. Set PYDEVD_DISABLE_FILE_VALIDATION=1 to disable this validation.\n"}
,{"stream_name":"stdout","time":18.373697214,"data":"Applied latest hot-patch fixes to /kaggle/working/aitod_baseline_s42\n"}
,{"stream_name":"stdout","time":23.009842165,"data":"Executing command: python scripts/train_frcnn_aitod.py --metric standard --placement iou_smooth_l1 --box-loss smooth_l1 --seed 42 --epochs 12 --batch-size 2\n"}
,{"stream_name":"stdout","time":47.782625088,"data":"[Config] Using local data root: /kaggle/input/datasets/kurt54/sod-tinypeopleinsea\n"}
,{"stream_name":"stdout","time":47.782669553,"data":"=== AI-TOD-v2 Training: Metric=standard, Placement=everywhere, Loss=smooth_l1, Seed=42, Device=cuda ===\n"}
,{"stream_name":"stdout","time":47.782676245,"data":"Data root: /kaggle/input/tiny-object-detection-in-aerial-images/AI-TOD\n"}
,{"stream_name":"stdout","time":47.782694062,"data":"Loading datasets...\n"}
,{"stream_name":"stdout","time":47.782699814,"data":"Train samples: 14018, Val samples: 14018\n"}
,{"stream_name":"stdout","time":47.7827056,"data":"Building Faster R-CNN with 9 classes (8 foreground + background)...\n"}
,{"stream_name":"stdout","time":47.782712057,"data":"\n"}
,{"stream_name":"stdout","time":47.78271753,"data":"=== Beginning Training ===\n"}
,{"stream_name":"stdout","time":2258.753860106,"data":"\n"}
,{"stream_name":"stdout","time":2258.753923375,"data":"Evaluating Epoch 1/12 (Train loss: 0.5444, time: 2210.9s)...\n"}
,{"stream_name":"stderr","time":2258.822567342,"data":"Traceback (most recent call last):\n"}
,{"stream_name":"stderr","time":2258.822684118,"data":"  File \"/kaggle/working/aitod_baseline_s42/scripts/train_frcnn_aitod.py\", line 299, in \u003cmodule\u003e\n"}
,{"stream_name":"stderr","time":2258.823305772,"data":"    main()\n"}
,{"stream_name":"stderr","time":2258.823329237,"data":"  File \"/kaggle/working/aitod_baseline_s42/scripts/train_frcnn_aitod.py\", line 281, in main\n"}
,{"stream_name":"stderr","time":2258.823603041,"data":"    train_aitod(\n"}
,{"stream_name":"stderr","time":2258.823615638,"data":"  File \"/kaggle/working/aitod_baseline_s42/scripts/train_frcnn_aitod.py\", line 193, in train_aitod\n"}
,{"stream_name":"stderr","time":2258.823795124,"data":"    for images, targets in val_loader:\n"}
,{"stream_name":"stderr","time":2258.823807555,"data":"                           ^^^^^^^^^^\n"}
,{"stream_name":"stderr","time":2258.823814712,"data":"  File \"/usr/local/lib/python3.12/dist-packages/torch/utils/data/dataloader.py\", line 741, in __next__\n"}
,{"stream_name":"stderr","time":2258.824117376,"data":"    data = self._next_data()\n"}
,{"stream_name":"stderr","time":2258.824129925,"data":"           ^^^^^^^^^^^^^^^^^\n"}
,{"stream_name":"stderr","time":2258.82413598,"data":"  File \"/usr/local/lib/python3.12/dist-packages/torch/utils/data/dataloader.py\", line 1548, in _next_data\n"}
,{"stream_name":"stderr","time":2258.824602853,"data":"    return self._process_data(data, worker_id)\n"}
,{"stream_name":"stderr","time":2258.824616768,"data":"           ^^^^^^^^^^^^^^^^^^^^^^^^^^^^^^^^^^^\n"}
,{"stream_name":"stderr","time":2258.824712031,"data":"  File \"/usr/local/lib/python3.12/dist-packages/torch/utils/data/dataloader.py\", line 1586, in _process_data\n"}
,{"stream_name":"stderr","time":2258.825172112,"data":"    data.reraise()\n"}
,{"stream_name":"stderr","time":2258.825181024,"data":"  File \"/usr/local/lib/python3.12/dist-packages/torch/_utils.py\", line 775, in reraise\n"}
,{"stream_name":"stderr","time":2258.826594708,"data":"    raise exception\n"}
,{"stream_name":"stderr","time":2258.82661131,"data":"FileNotFoundError: Caught FileNotFoundError in DataLoader worker process 0.\n"}
,{"stream_name":"stderr","time":2258.82661632,"data":"Original Traceback (most recent call last):\n"}
,{"stream_name":"stderr","time":2258.826621288,"data":"  File \"/usr/local/lib/python3.12/dist-packages/torch/utils/data/_utils/worker.py\", line 358, in _worker_loop\n"}
,{"stream_name":"stderr","time":2258.826626676,"data":"    data = fetcher.fetch(index)  # type: ignore[possibly-undefined]\n"}
,{"stream_name":"stderr","time":2258.826631668,"data":"           ^^^^^^^^^^^^^^^^^^^^\n"}
,{"stream_name":"stderr","time":2258.826636652,"data":"  File \"/usr/local/lib/python3.12/dist-packages/torch/utils/data/_utils/fetch.py\", line 54, in fetch\n"}
,{"stream_name":"stderr","time":2258.826641267,"data":"    data = [self.dataset[idx] for idx in possibly_batched_index]\n"}
,{"stream_name":"stderr","time":2258.826645712,"data":"            ~~~~~~~~~~~~^^^^^\n"}
,{"stream_name":"stderr","time":2258.82665,"data":"  File \"/kaggle/working/aitod_baseline_s42/paper_a/datasets/coco_original.py\", line 105, in __getitem__\n"}
,{"stream_name":"stderr","time":2258.826656693,"data":"    image = self._load_image(image_info)\n"}
,{"stream_name":"stderr","time":2258.826664685,"data":"            ^^^^^^^^^^^^^^^^^^^^^^^^^^^^\n"}
,{"stream_name":"stderr","time":2258.826667743,"data":"  File \"/kaggle/working/aitod_baseline_s42/paper_a/datasets/coco_original.py\", line 99, in _load_image\n"}
,{"stream_name":"stderr","time":2258.826670779,"data":"    with Image.open(image_path) as source:\n"}
,{"stream_name":"stderr","time":2258.826673594,"data":"         ^^^^^^^^^^^^^^^^^^^^^^\n"}
,{"stream_name":"stderr","time":2258.826676346,"data":"  File \"/usr/local/lib/python3.12/dist-packages/PIL/Image.py\", line 3513, in open\n"}
,{"stream_name":"stderr","time":2258.826679392,"data":"    fp = builtins.open(filename, \"rb\")\n"}
,{"stream_name":"stderr","time":2258.826682433,"data":"         ^^^^^^^^^^^^^^^^^^^^^^^^^^^^^\n"}
,{"stream_name":"stderr","time":2258.826685282,"data":"FileNotFoundError: [Errno 2] No such file or directory: '/kaggle/input/tiny-object-detection-in-aerial-images/AI-TOD/images/val/6a6abd9bd.png'\n"}
,{"stream_name":"stderr","time":2258.826688371,"data":"\n"}
,{"stream_name":"stdout","time":2265.078215265,"data":"Execution finished with exit code: 1\n"}
,{"stream_name":"stderr","time":2268.47644004,"data":"/usr/local/lib/python3.12/dist-packages/mistune.py:435: SyntaxWarning: invalid escape sequence '\\|'\n"}
,{"stream_name":"stderr","time":2268.476483151,"data":"  cells[i][c] = re.sub('\\\\\\\\\\|', '|', cell)\n"}
,{"stream_name":"stderr","time":2268.647147423,"data":"/usr/local/lib/python3.12/dist-packages/nbconvert/filters/filter_links.py:36: SyntaxWarning: invalid escape sequence '\\_'\n"}
,{"stream_name":"stderr","time":2268.647181141,"data":"  text = re.sub(r'_', '\\_', text) # Escape underscores in display text\n"}
,{"stream_name":"stderr","time":2269.325385073,"data":"[NbConvertApp] Converting notebook __notebook__.ipynb to notebook\n"}
,{"stream_name":"stderr","time":2269.678816887,"data":"[NbConvertApp] Writing 80569 bytes to __notebook__.ipynb\n"}
,{"stream_name":"stderr","time":2272.548698365,"data":"[NbConvertApp] Converting notebook __notebook__.ipynb to html\n"}
,{"stream_name":"stderr","time":2273.477766094,"data":"[NbConvertApp] Writing 359293 bytes to __results__.html\n"}
]