This is pdfTeX, Version 3.141592653-2.6-1.40.28 (MiKTeX 25.12) (preloaded format=pdflatex 2026.6.20)  4 SEP 2026 01:28
entering extended mode
 restricted \write18 enabled.
 %&-line parsing enabled.
**./main.tex
(main.tex
LaTeX2e <2025-11-01>
L3 programming layer <2025-12-24>
(C:\Users\ADMIN\AppData\Local\Programs\MiKTeX\tex/latex/base\article.cls
Document Class: article 2025/01/22 v1.4n Standard LaTeX document class
(C:\Users\ADMIN\AppData\Local\Programs\MiKTeX\tex/latex/base\size10.clo
File: size10.clo 2025/01/22 v1.4n Standard LaTeX file (size option)
)
\c@part=\count275
\c@section=\count276
\c@subsection=\count277
\c@subsubsection=\count278
\c@paragraph=\count279
\c@subparagraph=\count280
\c@figure=\count281
\c@table=\count282
\abovecaptionskip=\skip49
\belowcaptionskip=\skip50
\bibindent=\dimen148
)
(C:\Users\ADMIN\AppData\Local\Programs\MiKTeX\tex/latex/base\inputenc.sty
Package: inputenc 2024/02/08 v1.3d Input encoding file
\inpenc@prehook=\toks17
\inpenc@posthook=\toks18
)
(C:\Users\ADMIN\AppData\Local\Programs\MiKTeX\tex/latex/amsmath\amsmath.sty
Package: amsmath 2025/07/09 v2.17z AMS math features
\@mathmargin=\skip51

For additional information on amsmath, use the `?' option.
(C:\Users\ADMIN\AppData\Local\Programs\MiKTeX\tex/latex/amsmath\amstext.sty
Package: amstext 2024/11/17 v2.01 AMS text

(C:\Users\ADMIN\AppData\Local\Programs\MiKTeX\tex/latex/amsmath\amsgen.sty
File: amsgen.sty 1999/11/30 v2.0 generic functions
\@emptytoks=\toks19
\ex@=\dimen149
))
(C:\Users\ADMIN\AppData\Local\Programs\MiKTeX\tex/latex/amsmath\amsbsy.sty
Package: amsbsy 1999/11/29 v1.2d Bold Symbols
\pmbraise@=\dimen150
)
(C:\Users\ADMIN\AppData\Local\Programs\MiKTeX\tex/latex/amsmath\amsopn.sty
Package: amsopn 2022/04/08 v2.04 operator names
)
\inf@bad=\count283
LaTeX Info: Redefining \frac on input line 233.
\uproot@=\count284
\leftroot@=\count285
LaTeX Info: Redefining \overline on input line 398.
LaTeX Info: Redefining \colon on input line 409.
\classnum@=\count286
\DOTSCASE@=\count287
LaTeX Info: Redefining \ldots on input line 495.
LaTeX Info: Redefining \dots on input line 498.
LaTeX Info: Redefining \cdots on input line 619.
\Mathstrutbox@=\box53
\strutbox@=\box54
LaTeX Info: Redefining \big on input line 721.
LaTeX Info: Redefining \Big on input line 722.
LaTeX Info: Redefining \bigg on input line 723.
LaTeX Info: Redefining \Bigg on input line 724.
\big@size=\dimen151
LaTeX Font Info:    Redeclaring font encoding OML on input line 742.
LaTeX Font Info:    Redeclaring font encoding OMS on input line 743.
\macc@depth=\count288
LaTeX Info: Redefining \bmod on input line 904.
LaTeX Info: Redefining \pmod on input line 909.
LaTeX Info: Redefining \smash on input line 939.
LaTeX Info: Redefining \relbar on input line 969.
LaTeX Info: Redefining \Relbar on input line 970.
\c@MaxMatrixCols=\count289
\dotsspace@=\muskip17
\c@parentequation=\count290
\dspbrk@lvl=\count291
\tag@help=\toks20
\row@=\count292
\column@=\count293
\maxfields@=\count294
\andhelp@=\toks21
\eqnshift@=\dimen152
\alignsep@=\dimen153
\tagshift@=\dimen154
\tagwidth@=\dimen155
\totwidth@=\dimen156
\lineht@=\dimen157
\@envbody=\toks22
\multlinegap=\skip52
\multlinetaggap=\skip53
\mathdisplay@stack=\toks23
LaTeX Info: Redefining \[ on input line 2950.
LaTeX Info: Redefining \] on input line 2951.
)
(C:\Users\ADMIN\AppData\Local\Programs\MiKTeX\tex/latex/amsfonts\amssymb.sty
Package: amssymb 2013/01/14 v3.01 AMS font symbols

(C:\Users\ADMIN\AppData\Local\Programs\MiKTeX\tex/latex/amsfonts\amsfonts.sty
Package: amsfonts 2013/01/14 v3.01 Basic AMSFonts support
\symAMSa=\mathgroup4
\symAMSb=\mathgroup5
LaTeX Font Info:    Redeclaring math symbol \hbar on input line 98.
LaTeX Font Info:    Overwriting math alphabet `\mathfrak' in version `bold'
(Font)                  U/euf/m/n --> U/euf/b/n on input line 106.
)) (C:\Users\ADMIN\AppData\Local\Programs\MiKTeX\tex/latex/graphics\graphicx.st
y
Package: graphicx 2024/12/31 v1.2e Enhanced LaTeX Graphics (DPC,SPQR)

(C:\Users\ADMIN\AppData\Local\Programs\MiKTeX\tex/latex/graphics\keyval.sty
Package: keyval 2022/05/29 v1.15 key=value parser (DPC)
\KV@toks@=\toks24
)
(C:\Users\ADMIN\AppData\Local\Programs\MiKTeX\tex/latex/graphics\graphics.sty
Package: graphics 2024/08/06 v1.4g Standard LaTeX Graphics (DPC,SPQR)

(C:\Users\ADMIN\AppData\Local\Programs\MiKTeX\tex/latex/graphics\trig.sty
Package: trig 2023/12/02 v1.11 sin cos tan (DPC)
)
(C:\Users\ADMIN\AppData\Local\Programs\MiKTeX\tex/latex/graphics-cfg\graphics.c
fg
File: graphics.cfg 2016/06/04 v1.11 sample graphics configuration
)
Package graphics Info: Driver file: pdftex.def on input line 106.

(C:\Users\ADMIN\AppData\Local\Programs\MiKTeX\tex/latex/graphics-def\pdftex.def
File: pdftex.def 2025/09/29 v1.2d Graphics/color driver for pdftex
))
\Gin@req@height=\dimen158
\Gin@req@width=\dimen159
) (C:\Users\ADMIN\AppData\Local\Programs\MiKTeX\tex/latex/url\url.sty
\Urlmuskip=\muskip18
Package: url 2013/09/16  ver 3.4  Verb mode for urls, etc.
)
\c@theorem=\count295
\c@lemma=\count296
\c@proposition=\count297

(C:\Users\ADMIN\AppData\Local\Programs\MiKTeX\tex/latex/l3backend\l3backend-pdf
tex.def
File: l3backend-pdftex.def 2025-10-09 L3 backend support: PDF output (pdfTeX)
\l__color_backend_stack_int=\count298
) (main.aux)
\openout1 = `main.aux'.

LaTeX Font Info:    Checking defaults for OML/cmm/m/it on input line 42.
LaTeX Font Info:    ... okay on input line 42.
LaTeX Font Info:    Checking defaults for OMS/cmsy/m/n on input line 42.
LaTeX Font Info:    ... okay on input line 42.
LaTeX Font Info:    Checking defaults for OT1/cmr/m/n on input line 42.
LaTeX Font Info:    ... okay on input line 42.
LaTeX Font Info:    Checking defaults for T1/cmr/m/n on input line 42.
LaTeX Font Info:    ... okay on input line 42.
LaTeX Font Info:    Checking defaults for TS1/cmr/m/n on input line 42.
LaTeX Font Info:    ... okay on input line 42.
LaTeX Font Info:    Checking defaults for OMX/cmex/m/n on input line 42.
LaTeX Font Info:    ... okay on input line 42.
LaTeX Font Info:    Checking defaults for U/cmr/m/n on input line 42.
LaTeX Font Info:    ... okay on input line 42.

(C:\Users\ADMIN\AppData\Local\Programs\MiKTeX\tex/context/base/mkii\supp-pdf.mk
ii
[Loading MPS to PDF converter (version 2006.09.02).]
\scratchcounter=\count299
\scratchdimen=\dimen160
\scratchbox=\box55
\nofMPsegments=\count300
\nofMParguments=\count301
\everyMPshowfont=\toks25
\MPscratchCnt=\count302
\MPscratchDim=\dimen161
\MPnumerator=\count303
\makeMPintoPDFobject=\count304
\everyMPtoPDFconversion=\toks26
)
(C:\Users\ADMIN\AppData\Local\Programs\MiKTeX\tex/latex/epstopdf-pkg\epstopdf-b
ase.sty
Package: epstopdf-base 2020-01-24 v2.11 Base part for package epstopdf
Package epstopdf-base Info: Redefining graphics rule for `.eps' on input line 4
85.

(C:\Users\ADMIN\AppData\Local\Programs\MiKTeX\tex/latex/00miktex\epstopdf-sys.c
fg
File: epstopdf-sys.cfg 2021/03/18 v2.0 Configuration of epstopdf for MiKTeX
))
LaTeX Font Info:    Trying to load font information for U+msa on input line 44.

 (C:\Users\ADMIN\AppData\Local\Programs\MiKTeX\tex/latex/amsfonts\umsa.fd
File: umsa.fd 2013/01/14 v3.01 AMS symbols A
)
LaTeX Font Info:    Trying to load font information for U+msb on input line 44.


(C:\Users\ADMIN\AppData\Local\Programs\MiKTeX\tex/latex/amsfonts\umsb.fd
File: umsb.fd 2013/01/14 v3.01 AMS symbols B
)
LaTeX Font Info:    Trying to load font information for OMS+cmtt on input line 
44.
LaTeX Font Info:    No file OMScmtt.fd. on input line 44.


LaTeX Font Warning: Font shape `OMS/cmtt/m/n' undefined
(Font)              using `OMS/cmsy/m/n' instead
(Font)              for symbol `textbraceleft' on input line 44.


Underfull \hbox (badness 1005) in paragraph at lines 61--62
\OT1/cmr/m/n/10 over-Union (IoU) and its geometry-extended vari-ants
 []


Underfull \hbox (badness 1102) in paragraph at lines 69--70
\OT1/cmr/m/n/10 on mi-cro-scopic tar-gets with crisp bound-ary su-per-vi-
 []

[1{C:/Users/ADMIN/AppData/Local/MiKTeX/fonts/map/pdftex/pdftex.map}


]
Underfull \hbox (badness 1057) in paragraph at lines 76--77
[]\OT1/cmr/bx/n/10 Empirical Val-i-da-tion on Two Bench-marks\OT1/cmr/m/n/10 :
 []

<figures/fig1_homotopy_theory.pdf, id=22, 722.7pt x 303.534pt>
File: figures/fig1_homotopy_theory.pdf Graphic file (type pdf)
<use figures/fig1_homotopy_theory.pdf>
Package pdftex.def Info: figures/fig1_homotopy_theory.pdf  used on input line 8
1.
(pdftex.def)             Requested size: 475.3907pt x 199.6661pt.

Underfull \hbox (badness 1242) in paragraph at lines 90--91
\OT1/cmr/m/n/10 in-te-grates as-pect ra-tio con-sis-tency, and Efficient-IoU
 []


Underfull \hbox (badness 4144) in paragraph at lines 98--98
[]\OT1/cmr/bx/n/14.4 Mathematical For-mu-la-tion of
 []


Underfull \hbox (badness 10000) in paragraph at lines 98--98
\OT1/cmr/bx/n/14.4 Scale-Adaptive Wasserstein--
 []


Underfull \hbox (badness 2221) in paragraph at lines 100--100
[]\OT1/cmr/bx/n/12 Gaussian Rep-re-sen-ta-tion & Scale-
 []


Underfull \hbox (badness 2717) in paragraph at lines 111--112
[]\OT1/cmr/m/n/10 To en-sure scale in-vari-ance in the trans-port sig-
 []


Underfull \hbox (badness 1960) in paragraph at lines 111--112
\OT1/cmr/m/n/10 nal across vary-ing im-age res-o-lu-tions, we em-ploy a
 []

[2]
Underfull \hbox (badness 2903) in paragraph at lines 131--131
[]\OT1/cmr/bx/n/12 Additive Scale-Adaptive Sim-i-lar-ity
 []


Overfull \hbox (100.86894pt too wide) in paragraph at lines 153--154
[]
 []


Overfull \hbox (4.6487pt too wide) detected at line 167
[]
 []

[3 <./figures/fig1_homotopy_theory.pdf>]
Overfull \hbox (90.27885pt too wide) in paragraph at lines 205--206
[]
 []


Underfull \hbox (badness 2875) in paragraph at lines 205--206
\OT1/cmr/m/it/10 be-tween the cen-troid gra-di-ent $\OMS/cmtt/m/n/10 r[]L[]$ \O
T1/cmr/m/it/10 and the
 []


Overfull \hbox (69.89268pt too wide) in paragraph at lines 216--217
[]
 []


Overfull \hbox (20.98218pt too wide) detected at line 223
[][] \OMS/cmtt/m/n/10 S\OT1/cmr/m/n/10 (\OML/cmm/m/it/10 A[]; B[]\OT1/cmr/m/n/1
0 ) = [](\OML/cmm/m/it/10 A; B\OT1/cmr/m/n/10 )\OML/cmm/m/it/10 ;  [] \OMS/cmtt
/m/n/10 S\OT1/cmr/m/n/10 (\OML/cmm/m/it/10 A[]; B[]\OT1/cmr/m/n/10 ) = \OML/cmm
/m/it/10 e[]:
 []

<figures/fig2_multimetric_radar.pdf, id=162, 503.37584pt x 407.75453pt>
File: figures/fig2_multimetric_radar.pdf Graphic file (type pdf)
<use figures/fig2_multimetric_radar.pdf>
Package pdftex.def Info: figures/fig2_multimetric_radar.pdf  used on input line
 230.
(pdftex.def)             Requested size: 248.02821pt x 200.91518pt.

Underfull \hbox (badness 1436) in paragraph at lines 231--231
[]\OT1/cmr/m/n/10 Figure 2: \OT1/cmr/bx/n/10 Multi-Metric Radar Com-par-i-son o
n
 []

[4 <./figures/fig2_multimetric_radar.pdf>]
Underfull \hbox (badness 1755) in paragraph at lines 243--243
[]\OT1/cmr/bx/n/12 Bounded Ho-mo-topy Re-gres-sion in
 []

<figures/fig5_pipeline_architecture.pdf, id=234, 1012.50267pt x 527.42645pt>
File: figures/fig5_pipeline_architecture.pdf Graphic file (type pdf)
<use figures/fig5_pipeline_architecture.pdf>
Package pdftex.def Info: figures/fig5_pipeline_architecture.pdf  used on input 
line 248.
(pdftex.def)             Requested size: 490.89197pt x 255.70494pt.

Underfull \hbox (badness 1953) in paragraph at lines 258--259
[]\OT1/cmr/bx/n/10 TinyPerson \OT1/cmr/m/n/10 [[]]: High-resolution mar-itime a
nd
 []


Underfull \hbox (badness 2644) in paragraph at lines 270--270
[]\OT1/cmr/bx/n/12 Evaluation on Of-fi-cial TinyPer-son
 []


Underfull \hbox (badness 1237) in paragraph at lines 296--297
\OT1/cmr/m/n/10 on the of-fi-cial 786-image TinyPer-son test set un-der
 []


Underfull \hbox (badness 1242) in paragraph at lines 298--299
[]\OT1/cmr/bx/n/10 Overall Precision--Localization Bal-ance\OT1/cmr/m/n/10 : H-

 []

[5]
Underfull \hbox (badness 4518) in paragraph at lines 331--332
[]\OT1/cmr/bx/n/10 Microscopic De-tec-tion Gain & Pre-ci-sion
 []

<figures/fig3_ablation_landscape.pdf, id=238, 939.51pt x 274.626pt>
File: figures/fig3_ablation_landscape.pdf Graphic file (type pdf)
<use figures/fig3_ablation_landscape.pdf>
Package pdftex.def Info: figures/fig3_ablation_landscape.pdf  used on input lin
e 362.
(pdftex.def)             Requested size: 475.3907pt x 138.9595pt.

Underfull \hbox (badness 1590) in paragraph at lines 369--370
\OT1/cmr/m/n/10 To rig-or-ously iso-late hy-per-pa-ram-e-ter sen-si-tiv-ity ($\
OML/cmm/m/it/10 ^^[[]$\OT1/cmr/m/n/10 ,
 []

[6 <./figures/fig5_pipeline_architecture.pdf>]
Underfull \hbox (badness 2080) in paragraph at lines 375--376
\OT1/cmr/m/n/10 In Fig. 4[](b), we com-pare the ra-tio-nal for-mu-la-tion
 []


Underfull \hbox (badness 10000) in paragraph at lines 388--389
[]\OT1/cmr/bx/n/10 Baseline (Stan-dard IoU / Smooth-L1)\OT1/cmr/m/n/10 :
 []


LaTeX Warning: `h' float specifier changed to `ht'.

[7]
Underfull \hbox (badness 2277) in paragraph at lines 438--438
[]\OT1/cmr/bx/n/14.4 Computational Com-plex-ity &
 []

[8 <./figures/fig3_ablation_landscape.pdf>]
Underfull \vbox (badness 10000) has occurred while \output is active []

 [9]
[10

] (main.aux)
 ***********
LaTeX2e <2025-11-01>
L3 programming layer <2025-12-24>
 ***********


LaTeX Font Warning: Some font shapes were not available, defaults substituted.

 ) 
Here is how much of TeX's memory you used:
 2831 strings out of 467871
 42540 string characters out of 5418376
 487869 words of memory out of 5000000
 31690 multiletter control sequences out of 15000+600000
 640174 words of font info for 86 fonts, out of 8000000 for 9000
 1141 hyphenation exceptions out of 8191
 57i,19n,65p,1250b,382s stack positions out of 10000i,1000n,20000p,200000b,200000s
 <C:\Users\ADMIN\AppData\Local\MiKTeX\fonts/pk/ljfour/jknappen/ec/dpi600\tcrm
1000.pk> <C:\Users\ADMIN\AppData\Local\MiKTeX\fonts/pk/ljfour/jknappen/ec/dpi60
0\tcrm0600.pk> <C:\Users\ADMIN\AppData\Local\MiKTeX\fonts/pk/ljfour/jknappen/ec
/dpi600\tcrm0800.pk><C:/Users/ADMIN/AppData/Local/Programs/MiKTeX/fonts/type1/p
ublic/amsfonts/cm/cmbx10.pfb><C:/Users/ADMIN/AppData/Local/Programs/MiKTeX/font
s/type1/public/amsfonts/cm/cmbx12.pfb><C:/Users/ADMIN/AppData/Local/Programs/Mi
KTeX/fonts/type1/public/amsfonts/cm/cmbx7.pfb><C:/Users/ADMIN/AppData/Local/Pro
grams/MiKTeX/fonts/type1/public/amsfonts/cm/cmex10.pfb><C:/Users/ADMIN/AppData/
Local/Programs/MiKTeX/fonts/type1/public/amsfonts/cm/cmmi10.pfb><C:/Users/ADMIN
/AppData/Local/Programs/MiKTeX/fonts/type1/public/amsfonts/cm/cmmi12.pfb><C:/Us
ers/ADMIN/AppData/Local/Programs/MiKTeX/fonts/type1/public/amsfonts/cm/cmmi5.pf
b><C:/Users/ADMIN/AppData/Local/Programs/MiKTeX/fonts/type1/public/amsfonts/cm/
cmmi7.pfb><C:/Users/ADMIN/AppData/Local/Programs/MiKTeX/fonts/type1/public/amsf
onts/cm/cmmi8.pfb><C:/Users/ADMIN/AppData/Local/Programs/MiKTeX/fonts/type1/pub
lic/amsfonts/cm/cmr10.pfb><C:/Users/ADMIN/AppData/Local/Programs/MiKTeX/fonts/t
ype1/public/amsfonts/cm/cmr12.pfb><C:/Users/ADMIN/AppData/Local/Programs/MiKTeX
/fonts/type1/public/amsfonts/cm/cmr5.pfb><C:/Users/ADMIN/AppData/Local/Programs
/MiKTeX/fonts/type1/public/amsfonts/cm/cmr7.pfb><C:/Users/ADMIN/AppData/Local/P
rograms/MiKTeX/fonts/type1/public/amsfonts/cm/cmr8.pfb><C:/Users/ADMIN/AppData/
Local/Programs/MiKTeX/fonts/type1/public/amsfonts/cm/cmsy10.pfb><C:/Users/ADMIN
/AppData/Local/Programs/MiKTeX/fonts/type1/public/amsfonts/cm/cmsy5.pfb><C:/Use
rs/ADMIN/AppData/Local/Programs/MiKTeX/fonts/type1/public/amsfonts/cm/cmsy7.pfb
><C:/Users/ADMIN/AppData/Local/Programs/MiKTeX/fonts/type1/public/amsfonts/cm/c
mti10.pfb><C:/Users/ADMIN/AppData/Local/Programs/MiKTeX/fonts/type1/public/amsf
onts/cm/cmti7.pfb><C:/Users/ADMIN/AppData/Local/Programs/MiKTeX/fonts/type1/pub
lic/amsfonts/cm/cmti8.pfb><C:/Users/ADMIN/AppData/Local/Programs/MiKTeX/fonts/t
ype1/public/amsfonts/cm/cmtt10.pfb><C:/Users/ADMIN/AppData/Local/Programs/MiKTe
X/fonts/type1/public/amsfonts/cm/cmtt8.pfb><C:/Users/ADMIN/AppData/Local/Progra
ms/MiKTeX/fonts/type1/public/amsfonts/symbols/msam10.pfb><C:/Users/ADMIN/AppDat
a/Local/Programs/MiKTeX/fonts/type1/public/amsfonts/symbols/msbm10.pfb>
Output written on main.pdf (10 pages, 787570 bytes).
PDF statistics:
 532 PDF objects out of 1000 (max. 8388607)
 0 named destinations out of 1000 (max. 500000)
 21 words of extra memory for PDF output out of 10000 (max. 10000000)

